// Jest Snapshot v1, https://goo.gl/fbAQLP

exports[`MovementsCollection container should match the snapshot 1`] = `
<div>
  <article>
    <p>
      1
    </p>
    <p>
      1000
    </p>
    <p>
      concept 1
    </p>
    <p>
      income
    </p>
    <button
      onClick={[Function]}
      type="button"
    >
      Edit
    </button>
  </article>
  <article>
    <p>
      2
    </p>
    <p>
      2000
    </p>
    <p>
      concept 2
    </p>
    <p>
      income
    </p>
    <button
      onClick={[Function]}
      type="button"
    >
      Edit
    </button>
  </article>
  <article>
    <p>
      3
    </p>
    <p>
      3000
    </p>
    <p>
      concept 3
    </p>
    <p>
      income
    </p>
    <button
      onClick={[Function]}
      type="button"
    >
      Edit
    </button>
  </article>
  <article>
    <p>
      4
    </p>
    <p>
      4000
    </p>
    <p>
      concept 4
    </p>
    <p>
      income
    </p>
    <button
      onClick={[Function]}
      type="button"
    >
      Edit
    </button>
  </article>
  <article>
    <p>
      5
    </p>
    <p>
      5000
    </p>
    <p>
      concept 5
    </p>
    <p>
      income
    </p>
    <button
      onClick={[Function]}
      type="button"
    >
      Edit
    </button>
  </article>
  <article>
    <p>
      6
    </p>
    <p>
      6000
    </p>
    <p>
      concept 6
    </p>
    <p>
      income
    </p>
    <button
      onClick={[Function]}
      type="button"
    >
      Edit
    </button>
  </article>
  <article>
    <p>
      7
    </p>
    <p>
      7000
    </p>
    <p>
      concept 7
    </p>
    <p>
      income
    </p>
    <button
      onClick={[Function]}
      type="button"
    >
      Edit
    </button>
  </article>
  <article>
    <p>
      8
    </p>
    <p>
      8000
    </p>
    <p>
      concept 8
    </p>
    <p>
      income
    </p>
    <button
      onClick={[Function]}
      type="button"
    >
      Edit
    </button>
  </article>
  <article>
    <p>
      9
    </p>
    <p>
      9000
    </p>
    <p>
      concept 9
    </p>
    <p>
      income
    </p>
    <button
      onClick={[Function]}
      type="button"
    >
      Edit
    </button>
  </article>
  <article>
    <p>
      10
    </p>
    <p>
      10000
    </p>
    <p>
      concept 10
    </p>
    <p>
      income
    </p>
    <button
      onClick={[Function]}
      type="button"
    >
      Edit
    </button>
  </article>
</div>
`;
