// Jest Snapshot v1, https://goo.gl/fbAQLP

exports[`MovementsMostRecents container should match the snapshot 1`] = `
<div>
  <h2>
    Recent movements
  </h2>
  <ol>
    <li>
      MovementRecentCard
      <p>
        1000
      </p>
      <p>
        move
      </p>
      <p>
        expense
      </p>
    </li>
    <li>
      MovementRecentCard
      <p>
        2000
      </p>
      <p>
        move
      </p>
      <p>
        expense
      </p>
    </li>
    <li>
      MovementRecentCard
      <p>
        3000
      </p>
      <p>
        move
      </p>
      <p>
        expense
      </p>
    </li>
    <li>
      MovementRecentCard
      <p>
        4000
      </p>
      <p>
        move
      </p>
      <p>
        expense
      </p>
    </li>
    <li>
      MovementRecentCard
      <p>
        5000
      </p>
      <p>
        move
      </p>
      <p>
        expense
      </p>
    </li>
    <li>
      MovementRecentCard
      <p>
        6000
      </p>
      <p>
        move
      </p>
      <p>
        expense
      </p>
    </li>
    <li>
      MovementRecentCard
      <p>
        7000
      </p>
      <p>
        move
      </p>
      <p>
        expense
      </p>
    </li>
    <li>
      MovementRecentCard
      <p>
        8000
      </p>
      <p>
        move
      </p>
      <p>
        expense
      </p>
    </li>
    <li>
      MovementRecentCard
      <p>
        9000
      </p>
      <p>
        move
      </p>
      <p>
        expense
      </p>
    </li>
    <li>
      MovementRecentCard
      <p>
        10000
      </p>
      <p>
        move
      </p>
      <p>
        expense
      </p>
    </li>
  </ol>
</div>
`;
